// Jest Snapshot v1, https://goo.gl/fbAQLP

exports[`basic support: initial write 1`] = `
test('inline snapshots', () =>
  expect({apple: 'original value'}).toMatchInlineSnapshot(\`
    Object {
      "apple": "original value",
    }
  \`));

`;

exports[`do not indent empty lines: initial write 1`] = `
test('inline snapshots', () =>
  expect(\`hello

world\`).toMatchInlineSnapshot(\`
    "hello

    world"
  \`));

`;

exports[`supports async matchers 1`] = `
test('inline snapshots', async () => {
  expect(Promise.resolve('success')).resolves.toMatchInlineSnapshot(
    \`"success"\`,
  );
  expect(Promise.reject('fail')).rejects.toMatchInlineSnapshot(\`"fail"\`);
});

`;

exports[`supports async tests 1`] = `
it('works with inline snapshots', () => {
  expect({a: 1}).toMatchInlineSnapshot(\`
    Object {
      "a": 1,
    }
  \`);
});

`;

exports[`writes snapshots with non-literals in expect(...) 1`] = `
it('works with inline snapshots', () => {
  expect({a: 1}).toMatchInlineSnapshot(\`
    Object {
      "a": 1,
    }
  \`);
});

`;
